........................................................................ [ 34%]
